14:41:59 **** Incremental Build of configuration Debug for project PL_CNN ****
make all 
make --no-print-directory pre-build
a9-linaro-pre-build-step
' '
make --no-print-directory main-build
'Building file: ../src/CNN/param_init.c'
'Invoking: ARM v7 gcc compiler'
arm-none-eabi-gcc -Wall -O0 -g3 -c -fmessage-length=0 -MT"src/CNN/param_init.o" -mcpu=cortex-a9 -mfpu=vfpv3 -mfloat-abi=hard -ID:/Programs/Workspace/Xilinx_Prj/PL_CNN/VitisPrj/ZYNQ_CORE_wrapper/export/ZYNQ_CORE_wrapper/sw/ZYNQ_CORE_wrapper/standalone_ps7_cortexa9_0/bspinclude/include -MMD -MP -MF"src/CNN/param_init.d" -MT"src/CNN/param_init.o" -o "src/CNN/param_init.o" "../src/CNN/param_init.c"
'Finished building: ../src/CNN/param_init.c'
' '
'Building file: ../src/CNN/relu_layer.c'
'Invoking: ARM v7 gcc compiler'
arm-none-eabi-gcc -Wall -O0 -g3 -c -fmessage-length=0 -MT"src/CNN/relu_layer.o" -mcpu=cortex-a9 -mfpu=vfpv3 -mfloat-abi=hard -ID:/Programs/Workspace/Xilinx_Prj/PL_CNN/VitisPrj/ZYNQ_CORE_wrapper/export/ZYNQ_CORE_wrapper/sw/ZYNQ_CORE_wrapper/standalone_ps7_cortexa9_0/bspinclude/include -MMD -MP -MF"src/CNN/relu_layer.d" -MT"src/CNN/relu_layer.o" -o "src/CNN/relu_layer.o" "../src/CNN/relu_layer.c"
'Finished building: ../src/CNN/relu_layer.c'
' '
'Building file: ../src/main.c'
'Invoking: ARM v7 gcc compiler'
arm-none-eabi-gcc -Wall -O0 -g3 -c -fmessage-length=0 -MT"src/main.o" -mcpu=cortex-a9 -mfpu=vfpv3 -mfloat-abi=hard -ID:/Programs/Workspace/Xilinx_Prj/PL_CNN/VitisPrj/ZYNQ_CORE_wrapper/export/ZYNQ_CORE_wrapper/sw/ZYNQ_CORE_wrapper/standalone_ps7_cortexa9_0/bspinclude/include -MMD -MP -MF"src/main.d" -MT"src/main.o" -o "src/main.o" "../src/main.c"
'Finished building: ../src/main.c'
' '
'Building target: PL_CNN.elf'
'Invoking: ARM v7 gcc linker'
arm-none-eabi-gcc -mcpu=cortex-a9 -mfpu=vfpv3 -mfloat-abi=hard -Wl,-build-id=none -specs=Xilinx.spec -Wl,-T -Wl,../src/lscript.ld -LD:/Programs/Workspace/Xilinx_Prj/PL_CNN/VitisPrj/ZYNQ_CORE_wrapper/export/ZYNQ_CORE_wrapper/sw/ZYNQ_CORE_wrapper/standalone_ps7_cortexa9_0/bsplib/lib -o "PL_CNN.elf"  ./src/vdma/vdma_api.o  ./src/ov5640/ov5640_init.o  ./src/emio_sccb_cfg/emio_sccb_cfg.o  ./src/CNN/affine_layer.o ./src/CNN/param_init.o ./src/CNN/relu_layer.o  ./src/main.o   -Wl,--start-group,-lxil,-lgcc,-lc,--end-group
'Finished building target: PL_CNN.elf'
' '
'Invoking: ARM v7 Print Size'
arm-none-eabi-size PL_CNN.elf  |tee "PL_CNN.elf.size"
   text	   data	    bss	    dec	    hex	filename
14912149	   1312	  25456	14938917	 e3f325	PL_CNN.elf
'Finished building: PL_CNN.elf.size'
' '

14:42:37 Build Finished (took 38s.316ms)

